| example.java:11:35:11:41 | getUser | /api/users/getuser |  |
| example.java:16:35:16:44 | createUser | /api/users/create |  |
| example.java:21:35:21:44 | updateUser | /api/users/update |  |
| example.java:26:35:26:44 | deleteUser | /api/users/delete |  |
| example.java:31:35:31:43 | listUsers | /api/users/list |  |
| example.java:41:19:41:28 | getProduct | /api/products/detail |  |
| example.java:46:19:46:32 | searchProducts | /api/products/search |  |
| example.java:56:19:56:26 | getOrder | /api/orders/getOrder |  |
| example.java:61:19:61:29 | createOrder | /api/orders/createOrder |  |
