| SpringRequestMappingExample.java:12:35:12:41 | getUser | /api/users/getuser |  |
| SpringRequestMappingExample.java:17:35:17:44 | createUser | /api/users/create |  |
| SpringRequestMappingExample.java:22:35:22:44 | updateUser | /api/users/update |  |
| SpringRequestMappingExample.java:27:35:27:44 | deleteUser | /api/users/delete |  |
| SpringRequestMappingExample.java:32:35:32:43 | listUsers | /api/users/list |  |
| SpringRequestMappingExample.java:42:19:42:28 | getProduct | /api/products/detail |  |
| SpringRequestMappingExample.java:47:19:47:32 | searchProducts | /api/products/search |  |
| SpringRequestMappingExample.java:57:19:57:26 | getOrder | /api/orders/getOrder |  |
| SpringRequestMappingExample.java:62:19:62:29 | createOrder | /api/orders/createOrder |  |
